package objectannotation

object AnnotApp1 extends App {
  UsedObject
}


@UsedAnnotation1(classOf[UsedByAnnotation1])
object UsedObject {
}

class UsedAnnotation1(value: Class[_])

class UsedByAnnotation1(value: Class[_])
