package scalaclean.test.overriddenBy.internalTransitiveOverriddenBy

trait GrandParentTrait {
  def d1: Int/* internalTransitiveOverriddenBy(<root>/scalaclean/test/overriddenBy/internalTransitiveOverriddenBy/GrandParentTrait#/{M}d1().) - G:scalaclean/test/overriddenBy/internalTransitiveOverriddenBy/Class_ChildTrait#d1(). :: L:d1/localXXXXXXXX :: G:scalaclean/test/overriddenBy/internalTransitiveOverriddenBy/Object_ChildTrait.d1(). :: G:scalaclean/test/overriddenBy/internalTransitiveOverriddenBy/Trait_ChildTrait#d1(). */
  def d2(a:Int): Int/* internalTransitiveOverriddenBy(<root>/scalaclean/test/overriddenBy/internalTransitiveOverriddenBy/GrandParentTrait#/{M}d2(scala.Int).) - G:scalaclean/test/overriddenBy/internalTransitiveOverriddenBy/Class_ChildTrait#d2(). :: L:d2/localXXXXXXXX :: G:scalaclean/test/overriddenBy/internalTransitiveOverriddenBy/Object_ChildTrait.d2(). :: G:scalaclean/test/overriddenBy/internalTransitiveOverriddenBy/Trait_ChildTrait#d2(). */
  def d2a(a:Int)(b:Int): Int/* internalTransitiveOverriddenBy(<root>/scalaclean/test/overriddenBy/internalTransitiveOverriddenBy/GrandParentTrait#/{M}d2a(scala.Int)(scala.Int).) - G:scalaclean/test/overriddenBy/internalTransitiveOverriddenBy/Class_ChildTrait#d2a(). :: L:d2a/localXXXXXXXX :: G:scalaclean/test/overriddenBy/internalTransitiveOverriddenBy/Object_ChildTrait.d2a(). :: G:scalaclean/test/overriddenBy/internalTransitiveOverriddenBy/Trait_ChildTrait#d2a(). */
  def d3()(): Int/* internalTransitiveOverriddenBy(<root>/scalaclean/test/overriddenBy/internalTransitiveOverriddenBy/GrandParentTrait#/{M}d3()().) - G:scalaclean/test/overriddenBy/internalTransitiveOverriddenBy/Class_ChildTrait#d3(). :: L:d3/localXXXXXXXX :: G:scalaclean/test/overriddenBy/internalTransitiveOverriddenBy/Object_ChildTrait.d3(). :: G:scalaclean/test/overriddenBy/internalTransitiveOverriddenBy/Trait_ChildTrait#d3(). */

}
trait ParentTrait extends GrandParentTrait {
  def d3(): () => Int = ???/* internalTransitiveOverriddenBy(<root>/scalaclean/test/overriddenBy/internalTransitiveOverriddenBy/ParentTrait#/{M}d3().) - G:scalaclean/test/overriddenBy/internalTransitiveOverriddenBy/ChildTrait#d3(). */
}
trait ChildTrait extends ParentTrait {
  override def d3(): () => Int = ???
  def d2a(a:Int) = d2 _

}
trait Trait_ChildTrait extends ParentTrait {
  override def equals(obj: Any): Boolean = super.equals(obj)

  override def clone(): AnyRef = super.clone()

  override def toString: String = super.toString

  override def finalize(): Unit = super.finalize()

  override def hashCode(): Int = super.hashCode()

  override def d1: Int = ???

  override def d2(a: Int): Int = ???

  override def d2a(a: Int)(b: Int): Int = ???

  override def d3()(): Int = ???
}
class Class_ChildTrait extends ParentTrait {
  override def equals(obj: Any): Boolean = super.equals(obj)

  override def clone(): AnyRef = super.clone()

  override def toString: String = super.toString

  override def finalize(): Unit = super.finalize()

  override def hashCode(): Int = super.hashCode()

  override def d1: Int = ???

  override def d2(a: Int): Int = ???

  override def d2a(a: Int)(b: Int): Int = ???

  override def d3()(): Int = ???
}
object Object_ChildTrait extends ParentTrait {
  override def equals(obj: Any): Boolean = super.equals(obj)/* internalTransitiveOverriddenBy(<root>/scalaclean/test/overriddenBy/internalTransitiveOverriddenBy/Object_ChildTrait/{M}equals(scala.Any).) - L:equals/localXXXXXXXX :: L:equals/localXXXXXXXX */

  override def clone(): AnyRef = super.clone()/* internalTransitiveOverriddenBy(<root>/scalaclean/test/overriddenBy/internalTransitiveOverriddenBy/Object_ChildTrait/{M}clone().) - L:clone/localXXXXXXXX */

  override def toString: String = super.toString/* internalTransitiveOverriddenBy(<root>/scalaclean/test/overriddenBy/internalTransitiveOverriddenBy/Object_ChildTrait/{M}toString().) - L:toString/localXXXXXXXX :: L:toString/localXXXXXXXX */

  override def finalize(): Unit = super.finalize()/* internalTransitiveOverriddenBy(<root>/scalaclean/test/overriddenBy/internalTransitiveOverriddenBy/Object_ChildTrait/{M}finalize().) - L:finalize/localXXXXXXXX */

  override def hashCode(): Int = super.hashCode()/* internalTransitiveOverriddenBy(<root>/scalaclean/test/overriddenBy/internalTransitiveOverriddenBy/Object_ChildTrait/{M}hashCode().) - L:hashCode/localXXXXXXXX :: L:hashCode/localXXXXXXXX */

  override def d1: Int = ???/* internalTransitiveOverriddenBy(<root>/scalaclean/test/overriddenBy/internalTransitiveOverriddenBy/Object_ChildTrait/{M}d1().) - L:d1/localXXXXXXXX */

  override def d2(a: Int): Int = ???/* internalTransitiveOverriddenBy(<root>/scalaclean/test/overriddenBy/internalTransitiveOverriddenBy/Object_ChildTrait/{M}d2(scala.Int).) - L:d2/localXXXXXXXX */

  override def d2a(a: Int)(b: Int): Int = ???/* internalTransitiveOverriddenBy(<root>/scalaclean/test/overriddenBy/internalTransitiveOverriddenBy/Object_ChildTrait/{M}d2a(scala.Int)(scala.Int).) - L:d2a/localXXXXXXXX */

  override def d3()(): Int = ???/* internalTransitiveOverriddenBy(<root>/scalaclean/test/overriddenBy/internalTransitiveOverriddenBy/Object_ChildTrait/{M}d3()().) - L:d3/localXXXXXXXX */
}


//class GrandParentClass {
//
//  def foo: Unit = ()
//}
//class ParentClass extends GrandParentClass {
//}
//class ChildClass extends ParentClass{
//  def bar(x:Any): Unit = ()
//}
//
//object ClildObject extends ChildClass {
//  new Child().foo
//  new Child().bar(1)
//}
