package scalaclean.test.rules.deadcode.deadannotation

object App1 extends App {}