/*
rules = [ Analysis , Test_internalDirectOverrides ]

*/
package scalaclean.test.overrides.internalDirectOverrides

trait GrandParentTrait {
  def d1: Int
  def d2(a:Int): Int
  def d2a(a:Int)(b:Int): Int
  def d3()(): Int

}
trait ParentTrait extends GrandParentTrait {
  def d1: Int/* internalDirectOverrides(G:scalaclean/test/overrides/internalDirectOverrides/ParentTrait#d1().) - G:scalaclean/test/overrides/internalDirectOverrides/GrandParentTrait#d1(). */
  def d2(a: Int): Int = ???/* internalDirectOverrides(G:scalaclean/test/overrides/internalDirectOverrides/ParentTrait#d2().) - G:scalaclean/test/overrides/internalDirectOverrides/GrandParentTrait#d2(). */
  def d3(): () => Int = ???
}
trait ChildTrait extends ParentTrait {
  def d1: Int = 1/* internalDirectOverrides(G:scalaclean/test/overrides/internalDirectOverrides/ChildTrait#d1().) - G:scalaclean/test/overrides/internalDirectOverrides/GrandParentTrait#d1(). :: G:scalaclean/test/overrides/internalDirectOverrides/ParentTrait#d1(). */
  override def d2(a: Int): Int = ???/* internalDirectOverrides(G:scalaclean/test/overrides/internalDirectOverrides/ChildTrait#d2().) - G:scalaclean/test/overrides/internalDirectOverrides/GrandParentTrait#d2(). :: G:scalaclean/test/overrides/internalDirectOverrides/ParentTrait#d2(). */
  override def d3(): () => Int = ???/* internalDirectOverrides(G:scalaclean/test/overrides/internalDirectOverrides/ChildTrait#d3().) - G:scalaclean/test/overrides/internalDirectOverrides/ParentTrait#d3(). */
  def d2a(a:Int) = d2 _

}
trait GChildTrait extends ChildTrait {
  override def d1: Int = 1/* internalDirectOverrides(G:scalaclean/test/overrides/internalDirectOverrides/GChildTrait#d1().) - G:scalaclean/test/overrides/internalDirectOverrides/ChildTrait#d1(). :: G:scalaclean/test/overrides/internalDirectOverrides/GrandParentTrait#d1(). :: G:scalaclean/test/overrides/internalDirectOverrides/ParentTrait#d1(). */
  override def d2(a: Int): Int = ???/* internalDirectOverrides(G:scalaclean/test/overrides/internalDirectOverrides/GChildTrait#d2().) - G:scalaclean/test/overrides/internalDirectOverrides/ChildTrait#d2(). :: G:scalaclean/test/overrides/internalDirectOverrides/GrandParentTrait#d2(). :: G:scalaclean/test/overrides/internalDirectOverrides/ParentTrait#d2(). */
  override def d3(): () => Int = () => 1/* internalDirectOverrides(G:scalaclean/test/overrides/internalDirectOverrides/GChildTrait#d3().) - G:scalaclean/test/overrides/internalDirectOverrides/ChildTrait#d3(). :: G:scalaclean/test/overrides/internalDirectOverrides/ParentTrait#d3(). */

}
trait Trait_ChildTrait extends ParentTrait {
  override def equals(obj: Any): Boolean = super.equals(obj)

  override def clone(): AnyRef = super.clone()

  override def toString: String = super.toString

  override def finalize(): Unit = super.finalize()

  override def hashCode(): Int = super.hashCode()

  override def d1: Int = ???/* internalDirectOverrides(G:scalaclean/test/overrides/internalDirectOverrides/Trait_ChildTrait#d1().) - G:scalaclean/test/overrides/internalDirectOverrides/GrandParentTrait#d1(). :: G:scalaclean/test/overrides/internalDirectOverrides/ParentTrait#d1(). */

  override def d2(a: Int): Int = ???/* internalDirectOverrides(G:scalaclean/test/overrides/internalDirectOverrides/Trait_ChildTrait#d2().) - G:scalaclean/test/overrides/internalDirectOverrides/GrandParentTrait#d2(). :: G:scalaclean/test/overrides/internalDirectOverrides/ParentTrait#d2(). */

  override def d2a(a: Int)(b: Int): Int = ???/* internalDirectOverrides(G:scalaclean/test/overrides/internalDirectOverrides/Trait_ChildTrait#d2a().) - G:scalaclean/test/overrides/internalDirectOverrides/GrandParentTrait#d2a(). */

  override def d3()(): Int = ???/* internalDirectOverrides(G:scalaclean/test/overrides/internalDirectOverrides/Trait_ChildTrait#d3().) - G:scalaclean/test/overrides/internalDirectOverrides/GrandParentTrait#d3(). */
}
class Class_ChildTrait extends ParentTrait {
  override def equals(obj: Any): Boolean = super.equals(obj)

  override def clone(): AnyRef = super.clone()

  override def toString: String = super.toString

  override def finalize(): Unit = super.finalize()

  override def hashCode(): Int = super.hashCode()

  override def d1: Int = ???/* internalDirectOverrides(G:scalaclean/test/overrides/internalDirectOverrides/Class_ChildTrait#d1().) - G:scalaclean/test/overrides/internalDirectOverrides/GrandParentTrait#d1(). :: G:scalaclean/test/overrides/internalDirectOverrides/ParentTrait#d1(). */

  override def d2(a: Int): Int = ???/* internalDirectOverrides(G:scalaclean/test/overrides/internalDirectOverrides/Class_ChildTrait#d2().) - G:scalaclean/test/overrides/internalDirectOverrides/GrandParentTrait#d2(). :: G:scalaclean/test/overrides/internalDirectOverrides/ParentTrait#d2(). */

  override def d2a(a: Int)(b: Int): Int = ???/* internalDirectOverrides(G:scalaclean/test/overrides/internalDirectOverrides/Class_ChildTrait#d2a().) - G:scalaclean/test/overrides/internalDirectOverrides/GrandParentTrait#d2a(). */

  override def d3()(): Int = ???/* internalDirectOverrides(G:scalaclean/test/overrides/internalDirectOverrides/Class_ChildTrait#d3().) - G:scalaclean/test/overrides/internalDirectOverrides/GrandParentTrait#d3(). */
}
object Object_ChildTrait extends ParentTrait {
  override def equals(obj: Any): Boolean = super.equals(obj)

  override def clone(): AnyRef = super.clone()

  override def toString: String = super.toString

  override def finalize(): Unit = super.finalize()

  override def hashCode(): Int = super.hashCode()

  override def d1: Int = ???

  override def d2(a: Int): Int = ???

  override def d2a(a: Int)(b: Int): Int = ???

  override def d3()(): Int = ???
}


//class GrandParentClass {
//
//  def foo: Unit = ()
//}
//class ParentClass extends GrandParentClass {
//}
//class ChildClass extends ParentClass{
//  def bar(x:Any): Unit = ()
//}
//
//object ClildObject extends ChildClass {
//  new Child().foo
//  new Child().bar(1)
//}