package appentry

object Entry extends App {
  new Used()
}

class Used extends BaseUsed

class BaseUsed
class BaseUnused

