/*
rules = [ Analysis , Test_allTransitiveOverrides ]

*/
package scalaclean.test.overrides.allTransitiveOverrides

trait GrandParentTrait {
  def d1: Int
  def d2(a:Int): Int
  def d2a(a:Int)(b:Int): Int
  def d3()(): Int

}
trait ParentTrait extends GrandParentTrait {
  def d1: Int/* allTransitiveOverrides(<root>/scalaclean/test/overrides/allTransitiveOverrides/ParentTrait#/{M}d1().) - <root>/scalaclean/test/overrides/allTransitiveOverrides/GrandParentTrait#/{M}d1(). */
  def d2(a: Int): Int = ???/* allTransitiveOverrides(<root>/scalaclean/test/overrides/allTransitiveOverrides/ParentTrait#/{M}d2(scala.Int).) - <root>/scalaclean/test/overrides/allTransitiveOverrides/GrandParentTrait#/{M}d2(scala.Int). */
  def d3(): () => Int = ???
}
trait ChildTrait extends ParentTrait {
  def d1: Int = 1/* allTransitiveOverrides(<root>/scalaclean/test/overrides/allTransitiveOverrides/ChildTrait#/{M}d1().) - <root>/scalaclean/test/overrides/allTransitiveOverrides/GrandParentTrait#/{M}d1(). :: <root>/scalaclean/test/overrides/allTransitiveOverrides/ParentTrait#/{M}d1(). */
  override def d2(a: Int): Int = ???/* allTransitiveOverrides(<root>/scalaclean/test/overrides/allTransitiveOverrides/ChildTrait#/{M}d2(scala.Int).) - <root>/scalaclean/test/overrides/allTransitiveOverrides/GrandParentTrait#/{M}d2(scala.Int). :: <root>/scalaclean/test/overrides/allTransitiveOverrides/ParentTrait#/{M}d2(scala.Int). */
  override def d3(): () => Int = ???/* allTransitiveOverrides(<root>/scalaclean/test/overrides/allTransitiveOverrides/ChildTrait#/{M}d3().) - <root>/scalaclean/test/overrides/allTransitiveOverrides/ParentTrait#/{M}d3(). */
  def d2a(a:Int) = d2 _

}
trait GChildTrait extends ChildTrait {
  override def d1: Int = 1/* allTransitiveOverrides(<root>/scalaclean/test/overrides/allTransitiveOverrides/GChildTrait#/{M}d1().) - <root>/scalaclean/test/overrides/allTransitiveOverrides/ChildTrait#/{M}d1(). :: <root>/scalaclean/test/overrides/allTransitiveOverrides/GrandParentTrait#/{M}d1(). :: <root>/scalaclean/test/overrides/allTransitiveOverrides/ParentTrait#/{M}d1(). */
  override def d2(a: Int): Int = ???/* allTransitiveOverrides(<root>/scalaclean/test/overrides/allTransitiveOverrides/GChildTrait#/{M}d2(scala.Int).) - <root>/scalaclean/test/overrides/allTransitiveOverrides/ChildTrait#/{M}d2(scala.Int). :: <root>/scalaclean/test/overrides/allTransitiveOverrides/GrandParentTrait#/{M}d2(scala.Int). :: <root>/scalaclean/test/overrides/allTransitiveOverrides/ParentTrait#/{M}d2(scala.Int). */
  override def d3(): () => Int = () => 1/* allTransitiveOverrides(<root>/scalaclean/test/overrides/allTransitiveOverrides/GChildTrait#/{M}d3().) - <root>/scalaclean/test/overrides/allTransitiveOverrides/ChildTrait#/{M}d3(). :: <root>/scalaclean/test/overrides/allTransitiveOverrides/ParentTrait#/{M}d3(). */

}
trait Trait_ChildTrait extends ParentTrait {
  override def equals(obj: Any): Boolean = super.equals(obj)/* allTransitiveOverrides(<root>/scalaclean/test/overrides/allTransitiveOverrides/Trait_ChildTrait#/{M}equals(scala.Any).) - <root>/java/lang/Object#/{M}equals(scala.Any). :: <root>/scala/Any#/{M}equals(scala.Any). */

  override def clone(): AnyRef = super.clone()/* allTransitiveOverrides(<root>/scalaclean/test/overrides/allTransitiveOverrides/Trait_ChildTrait#/{M}clone().) - <root>/java/lang/Object#/{M}clone(). */

  override def toString: String = super.toString/* allTransitiveOverrides(<root>/scalaclean/test/overrides/allTransitiveOverrides/Trait_ChildTrait#/{M}toString().) - <root>/java/lang/Object#/{M}toString(). :: <root>/scala/Any#/{M}toString(). */

  override def finalize(): Unit = super.finalize()/* allTransitiveOverrides(<root>/scalaclean/test/overrides/allTransitiveOverrides/Trait_ChildTrait#/{M}finalize().) - <root>/java/lang/Object#/{M}finalize(). */

  override def hashCode(): Int = super.hashCode()/* allTransitiveOverrides(<root>/scalaclean/test/overrides/allTransitiveOverrides/Trait_ChildTrait#/{M}hashCode().) - <root>/java/lang/Object#/{M}hashCode(). :: <root>/scala/Any#/{M}hashCode(). */

  override def d1: Int = ???/* allTransitiveOverrides(<root>/scalaclean/test/overrides/allTransitiveOverrides/Trait_ChildTrait#/{M}d1().) - <root>/scalaclean/test/overrides/allTransitiveOverrides/GrandParentTrait#/{M}d1(). :: <root>/scalaclean/test/overrides/allTransitiveOverrides/ParentTrait#/{M}d1(). */

  override def d2(a: Int): Int = ???/* allTransitiveOverrides(<root>/scalaclean/test/overrides/allTransitiveOverrides/Trait_ChildTrait#/{M}d2(scala.Int).) - <root>/scalaclean/test/overrides/allTransitiveOverrides/GrandParentTrait#/{M}d2(scala.Int). :: <root>/scalaclean/test/overrides/allTransitiveOverrides/ParentTrait#/{M}d2(scala.Int). */

  override def d2a(a: Int)(b: Int): Int = ???/* allTransitiveOverrides(<root>/scalaclean/test/overrides/allTransitiveOverrides/Trait_ChildTrait#/{M}d2a(scala.Int)(scala.Int).) - <root>/scalaclean/test/overrides/allTransitiveOverrides/GrandParentTrait#/{M}d2a(scala.Int)(scala.Int). */

  override def d3()(): Int = ???/* allTransitiveOverrides(<root>/scalaclean/test/overrides/allTransitiveOverrides/Trait_ChildTrait#/{M}d3()().) - <root>/scalaclean/test/overrides/allTransitiveOverrides/GrandParentTrait#/{M}d3()(). */
}
class Class_ChildTrait extends ParentTrait {
  override def equals(obj: Any): Boolean = super.equals(obj)/* allTransitiveOverrides(<root>/scalaclean/test/overrides/allTransitiveOverrides/Class_ChildTrait#/{M}equals(scala.Any).) - <root>/java/lang/Object#/{M}equals(scala.Any). :: <root>/scala/Any#/{M}equals(scala.Any). */

  override def clone(): AnyRef = super.clone()/* allTransitiveOverrides(<root>/scalaclean/test/overrides/allTransitiveOverrides/Class_ChildTrait#/{M}clone().) - <root>/java/lang/Object#/{M}clone(). */

  override def toString: String = super.toString/* allTransitiveOverrides(<root>/scalaclean/test/overrides/allTransitiveOverrides/Class_ChildTrait#/{M}toString().) - <root>/java/lang/Object#/{M}toString(). :: <root>/scala/Any#/{M}toString(). */

  override def finalize(): Unit = super.finalize()/* allTransitiveOverrides(<root>/scalaclean/test/overrides/allTransitiveOverrides/Class_ChildTrait#/{M}finalize().) - <root>/java/lang/Object#/{M}finalize(). */

  override def hashCode(): Int = super.hashCode()/* allTransitiveOverrides(<root>/scalaclean/test/overrides/allTransitiveOverrides/Class_ChildTrait#/{M}hashCode().) - <root>/java/lang/Object#/{M}hashCode(). :: <root>/scala/Any#/{M}hashCode(). */

  override def d1: Int = ???/* allTransitiveOverrides(<root>/scalaclean/test/overrides/allTransitiveOverrides/Class_ChildTrait#/{M}d1().) - <root>/scalaclean/test/overrides/allTransitiveOverrides/GrandParentTrait#/{M}d1(). :: <root>/scalaclean/test/overrides/allTransitiveOverrides/ParentTrait#/{M}d1(). */

  override def d2(a: Int): Int = ???/* allTransitiveOverrides(<root>/scalaclean/test/overrides/allTransitiveOverrides/Class_ChildTrait#/{M}d2(scala.Int).) - <root>/scalaclean/test/overrides/allTransitiveOverrides/GrandParentTrait#/{M}d2(scala.Int). :: <root>/scalaclean/test/overrides/allTransitiveOverrides/ParentTrait#/{M}d2(scala.Int). */

  override def d2a(a: Int)(b: Int): Int = ???/* allTransitiveOverrides(<root>/scalaclean/test/overrides/allTransitiveOverrides/Class_ChildTrait#/{M}d2a(scala.Int)(scala.Int).) - <root>/scalaclean/test/overrides/allTransitiveOverrides/GrandParentTrait#/{M}d2a(scala.Int)(scala.Int). */

  override def d3()(): Int = ???/* allTransitiveOverrides(<root>/scalaclean/test/overrides/allTransitiveOverrides/Class_ChildTrait#/{M}d3()().) - <root>/scalaclean/test/overrides/allTransitiveOverrides/GrandParentTrait#/{M}d3()(). */
}
object Object_ChildTrait extends ParentTrait {
  override def equals(obj: Any): Boolean = super.equals(obj)/* allTransitiveOverrides(<root>/scalaclean/test/overrides/allTransitiveOverrides/Object_ChildTrait/{M}equals(scala.Any).) - <root>/java/lang/Object#/{M}equals(scala.Any). :: <root>/scala/Any#/{M}equals(scala.Any). */

  override def clone(): AnyRef = super.clone()/* allTransitiveOverrides(<root>/scalaclean/test/overrides/allTransitiveOverrides/Object_ChildTrait/{M}clone().) - <root>/java/lang/Object#/{M}clone(). */

  override def toString: String = super.toString/* allTransitiveOverrides(<root>/scalaclean/test/overrides/allTransitiveOverrides/Object_ChildTrait/{M}toString().) - <root>/java/lang/Object#/{M}toString(). :: <root>/scala/Any#/{M}toString(). */

  override def finalize(): Unit = super.finalize()/* allTransitiveOverrides(<root>/scalaclean/test/overrides/allTransitiveOverrides/Object_ChildTrait/{M}finalize().) - <root>/java/lang/Object#/{M}finalize(). */

  override def hashCode(): Int = super.hashCode()/* allTransitiveOverrides(<root>/scalaclean/test/overrides/allTransitiveOverrides/Object_ChildTrait/{M}hashCode().) - <root>/java/lang/Object#/{M}hashCode(). :: <root>/scala/Any#/{M}hashCode(). */

  override def d1: Int = ???/* allTransitiveOverrides(<root>/scalaclean/test/overrides/allTransitiveOverrides/Object_ChildTrait/{M}d1().) - <root>/scalaclean/test/overrides/allTransitiveOverrides/GrandParentTrait#/{M}d1(). :: <root>/scalaclean/test/overrides/allTransitiveOverrides/ParentTrait#/{M}d1(). */

  override def d2(a: Int): Int = ???/* allTransitiveOverrides(<root>/scalaclean/test/overrides/allTransitiveOverrides/Object_ChildTrait/{M}d2(scala.Int).) - <root>/scalaclean/test/overrides/allTransitiveOverrides/GrandParentTrait#/{M}d2(scala.Int). :: <root>/scalaclean/test/overrides/allTransitiveOverrides/ParentTrait#/{M}d2(scala.Int). */

  override def d2a(a: Int)(b: Int): Int = ???/* allTransitiveOverrides(<root>/scalaclean/test/overrides/allTransitiveOverrides/Object_ChildTrait/{M}d2a(scala.Int)(scala.Int).) - <root>/scalaclean/test/overrides/allTransitiveOverrides/GrandParentTrait#/{M}d2a(scala.Int)(scala.Int). */

  override def d3()(): Int = ???/* allTransitiveOverrides(<root>/scalaclean/test/overrides/allTransitiveOverrides/Object_ChildTrait/{M}d3()().) - <root>/scalaclean/test/overrides/allTransitiveOverrides/GrandParentTrait#/{M}d3()(). */
}


//class GrandParentClass {
//
//  def foo: Unit = ()
//}
//class ParentClass extends GrandParentClass {
//}
//class ChildClass extends ParentClass{
//  def bar(x:Any): Unit = ()
//}
//
//object ClildObject extends ChildClass {
//  new Child().foo
//  new Child().bar(1)
//}