package scalaclean.test.references.internalOutgoingReferences

class Parent {
  def foo: Unit = ()
}
class Child extends Parent{
  def bar(x:Any): Unit = ()
}/* internalOutgoingReferences(G:scalaclean/test/references/internalOutgoingReferences/Child#) - G:scalaclean/test/references/internalOutgoingReferences/Parent# */
object Special {
  def myVar1 = 1
  def myVar1_=(i: Int) = ()

  def myVar2 = 1
  def myVar2_=(i: Int) = ()

  def apply() = 7
  def unapply(a:Any) = Some(1,2)

  def update(i: Int, j: Int) = ()

}

object XX {
  new Child().foo
  new Child().bar(1)

  Special.myVar1 += 1

  Special.myVar2 = 9
  println(Special.myVar2)

  Special()
  val x: Any = 1
  x match {
    case i: Int => ???
    case Special(a,b) => ???
  }

  Special(1) = 7
}/* internalOutgoingReferences(G:scalaclean/test/references/internalOutgoingReferences/XX.) - G:scalaclean/test/references/internalOutgoingReferences/Child# :: G:scalaclean/test/references/internalOutgoingReferences/Child#`<init>`(). :: G:scalaclean/test/references/internalOutgoingReferences/Child#bar(). :: G:scalaclean/test/references/internalOutgoingReferences/Parent#foo(). :: G:scalaclean/test/references/internalOutgoingReferences/Special. :: G:scalaclean/test/references/internalOutgoingReferences/Special.`myVar1_=`(). :: G:scalaclean/test/references/internalOutgoingReferences/Special.`myVar2_=`(). :: G:scalaclean/test/references/internalOutgoingReferences/Special.apply(). :: G:scalaclean/test/references/internalOutgoingReferences/Special.myVar1(). :: G:scalaclean/test/references/internalOutgoingReferences/Special.myVar2(). :: G:scalaclean/test/references/internalOutgoingReferences/Special.unapply(). :: G:scalaclean/test/references/internalOutgoingReferences/Special.update(). :: G:scalaclean/test/references/internalOutgoingReferences/XX.x. */